// Jest Snapshot v1, https://goo.gl/fbAQLP

exports[`Pruebas en el GifGridItem debe mostrar correctamente el componente  1`] = `
<div
  className="card animate__animated animate__fadeIn"
>
  <img
    alt="Un titulo"
    src="https://random.com"
  />
  <p>
     
    Un titulo
     
  </p>
</div>
`;
