// Jest Snapshot v1, https://goo.gl/fbAQLP

exports[`Prueba en <LoginScreen/> debe hacer match el snapshot 1`] = `
<div
  className="container mt-5"
>
  <h1>
    LoginScreen
  </h1>
  <hr />
  <button
    className="btn btn-primary"
    onClick={[Function]}
  >
    Login
  </button>
</div>
`;
